2026-05-20T04:44:38.195Z GET /api/videos country=undefined
2026-05-20T04:44:41.307Z GET /api/videos country=UK
2026-05-20T04:44:42.737Z GET /api/videos country=USA
2026-05-20T04:44:43.752Z GET /api/videos country=undefined
2026-05-20T04:44:46.539Z GET /api/videos country=South Korea
2026-05-20T04:45:12.401Z GET /api/videos country=undefined
2026-05-20T04:45:12.683Z GET /api/videos country=undefined
2026-05-20T04:48:38.062Z GET /api/videos country=USA
2026-05-20T04:52:10.952Z GET /api/videos country=UK
2026-05-20T04:52:45.803Z GET /api/videos country=USA
2026-05-20T04:52:47.266Z GET /api/videos country=UK
2026-05-20T04:52:47.967Z GET /api/videos country=Australia
2026-05-20T04:52:48.932Z GET /api/videos country=USA
2026-05-20T04:52:49.850Z GET /api/videos country=undefined
2026-05-20T04:52:52.916Z GET /api/videos country=UK
2026-05-20T04:52:54.549Z GET /api/videos country=USA
2026-05-20T04:53:49.721Z GET /api/videos country=UK
2026-05-20T04:53:50.866Z GET /api/videos country=USA
2026-05-20T04:53:51.664Z GET /api/videos country=USA
2026-05-20T04:53:52.846Z GET /api/videos country=USA
2026-05-20T04:53:53.830Z GET /api/videos country=UK
2026-05-20T04:53:57.384Z GET /api/videos country=Australia
2026-05-20T04:54:49.626Z GET /api/videos country=UK
2026-05-20T04:54:50.583Z GET /api/videos country=USA
2026-05-20T04:54:52.065Z GET /api/videos country=undefined
2026-05-20T04:54:53.863Z GET /api/videos country=USA
2026-05-20T04:54:54.613Z GET /api/videos country=UK
2026-05-20T04:54:55.150Z GET /api/videos country=Australia
2026-05-20T04:54:56.516Z GET /api/videos country=Canada
2026-05-20T04:58:44.756Z GET /api/videos country=UK
2026-05-20T04:58:45.547Z GET /api/videos country=USA
2026-05-20T04:58:46.677Z GET /api/videos country=undefined
2026-05-20T05:02:10.681Z GET /api/videos country=USA
2026-05-20T05:03:40.052Z GET /api/videos country=USA
2026-05-20T05:03:41.098Z GET /api/videos country=UK
2026-05-20T05:03:41.932Z GET /api/videos country=Australia
2026-05-20T05:03:43.260Z GET /api/videos country=UK
2026-05-20T05:03:44.414Z GET /api/videos country=Canada
2026-05-20T05:03:45.395Z GET /api/videos country=USA
2026-05-20T05:03:46.427Z GET /api/videos country=undefined
2026-05-20T05:05:30.142Z GET /api/videos country=undefined
2026-05-20T05:05:30.462Z GET /api/videos country=undefined
2026-05-20T05:05:30.918Z GET /api/videos country=undefined
2026-05-20T05:05:31.183Z GET /api/videos country=undefined
2026-05-20T05:05:49.912Z GET /api/videos country=undefined
2026-05-20T05:05:50.165Z GET /api/videos country=undefined
2026-05-20T05:05:59.011Z GET /api/videos country=undefined
2026-05-20T05:05:59.252Z GET /api/videos country=undefined
2026-05-20T05:06:01.349Z GET /api/videos country=undefined
2026-05-20T05:06:01.566Z GET /api/videos country=undefined
2026-05-20T05:08:06.152Z GET /api/videos country=undefined
2026-05-20T05:08:06.404Z GET /api/videos country=undefined
2026-05-20T05:08:07.033Z GET /api/videos country=undefined
2026-05-20T05:08:07.248Z GET /api/videos country=undefined
2026-05-20T05:08:08.000Z GET /api/videos country=undefined
2026-05-20T05:08:08.201Z GET /api/videos country=undefined
2026-05-20T05:11:52.486Z GET /api/videos country=undefined
2026-05-20T05:11:52.768Z GET /api/videos country=undefined
2026-05-20T05:12:33.934Z GET /api/videos country=undefined
2026-05-20T05:14:23.520Z GET /api/videos country=undefined
2026-05-20T05:14:23.804Z GET /api/videos country=undefined
2026-05-20T05:14:51.156Z GET /api/videos country=undefined
2026-05-20T05:14:51.433Z GET /api/videos country=undefined
2026-05-20T05:14:51.549Z GET /api/videos country=undefined
2026-05-20T05:14:51.755Z GET /api/videos country=undefined
2026-05-20T05:14:52.530Z GET /api/videos country=undefined
2026-05-20T05:14:52.772Z GET /api/videos country=undefined
2026-05-20T05:17:25.735Z GET /api/videos country=undefined
2026-05-20T05:17:25.928Z GET /api/videos country=undefined
2026-05-20T05:17:26.022Z GET /api/videos country=undefined
2026-05-20T05:17:26.203Z GET /api/videos country=undefined
2026-05-20T05:18:17.142Z GET /api/videos country=undefined
2026-05-20T05:18:17.398Z GET /api/videos country=undefined
2026-05-20T05:18:18.013Z GET /api/videos country=undefined
2026-05-20T05:18:18.231Z GET /api/videos country=undefined
2026-05-20T05:20:36.865Z GET /api/videos country=undefined
2026-05-20T05:20:36.870Z GET /api/videos country=undefined
2026-05-20T05:20:37.568Z GET /api/videos country=undefined
2026-05-20T05:20:37.624Z GET /api/videos country=undefined
2026-05-20T05:23:50.801Z GET /api/videos country=undefined
2026-05-20T05:23:50.803Z GET /api/videos country=undefined
2026-05-20T05:23:51.098Z GET /api/videos country=undefined
2026-05-20T05:23:51.156Z GET /api/videos country=undefined
2026-05-20T05:33:13.718Z GET /api/videos country=undefined
2026-05-20T05:33:13.720Z GET /api/videos country=undefined
2026-05-20T05:33:14.384Z GET /api/videos country=undefined
2026-05-20T05:33:14.735Z GET /api/videos country=undefined
2026-05-20T05:34:13.610Z GET /api/videos country=undefined
2026-05-20T05:34:13.858Z GET /api/videos country=undefined
2026-05-20T05:34:15.167Z GET /api/videos country=undefined
2026-05-20T05:34:15.376Z GET /api/videos country=undefined
2026-05-20T05:35:18.491Z GET /api/videos country=undefined
2026-05-20T05:35:18.746Z GET /api/videos country=undefined
2026-05-20T05:36:15.540Z GET /api/videos country=undefined
2026-05-20T05:36:15.796Z GET /api/videos country=undefined
2026-05-20T05:36:30.709Z GET /api/videos country=undefined
2026-05-20T05:36:31.067Z GET /api/videos country=undefined
2026-05-20T05:36:42.492Z GET /api/videos country=undefined
2026-05-20T05:36:42.825Z GET /api/videos country=undefined
2026-05-20T05:40:24.942Z GET /api/videos country=undefined
2026-05-20T05:40:24.945Z GET /api/videos country=undefined
2026-05-20T05:40:25.301Z GET /api/videos country=undefined
2026-05-20T05:40:25.361Z GET /api/videos country=undefined
2026-05-20T05:40:40.905Z GET /api/videos country=undefined
2026-05-20T05:40:41.218Z GET /api/videos country=undefined
2026-05-20T05:40:44.301Z GET /api/videos country=undefined
2026-05-20T05:40:44.560Z GET /api/videos country=undefined
2026-05-20T05:40:45.878Z GET /api/videos country=undefined
2026-05-20T05:40:46.168Z GET /api/videos country=undefined
2026-05-20T05:40:47.008Z GET /api/videos country=undefined
2026-05-20T05:40:47.224Z GET /api/videos country=undefined
2026-05-20T05:40:49.775Z GET /api/videos country=undefined
2026-05-20T05:40:50.007Z GET /api/videos country=undefined
2026-05-20T05:40:50.567Z GET /api/videos country=undefined
2026-05-20T05:40:50.803Z GET /api/videos country=undefined
2026-05-20T05:40:52.859Z GET /api/videos country=undefined
2026-05-20T05:40:53.406Z GET /api/videos country=undefined
2026-05-20T05:40:55.028Z GET /api/videos country=undefined
2026-05-20T05:40:56.723Z GET /api/videos country=undefined
2026-05-20T05:40:57.796Z GET /api/videos country=undefined
2026-05-20T05:40:58.036Z GET /api/videos country=undefined
2026-05-20T05:40:58.508Z GET /api/videos country=undefined
2026-05-20T05:40:58.738Z GET /api/videos country=undefined
2026-05-20T05:40:58.820Z GET /api/videos country=undefined
2026-05-20T05:40:59.006Z GET /api/videos country=undefined
2026-05-20T05:40:59.652Z GET /api/videos country=undefined
2026-05-20T05:40:59.859Z GET /api/videos country=undefined
2026-05-20T05:41:12.235Z GET /api/videos country=undefined
2026-05-20T05:41:12.545Z GET /api/videos country=undefined
2026-05-20T05:41:53.967Z GET /api/videos country=undefined
2026-05-20T05:41:53.968Z GET /api/videos country=undefined
2026-05-20T05:41:54.274Z GET /api/videos country=undefined
2026-05-20T05:41:54.365Z GET /api/videos country=undefined
2026-05-20T05:42:07.437Z GET /api/videos country=undefined
2026-05-20T05:42:07.758Z GET /api/videos country=undefined
2026-05-20T05:42:08.798Z GET /api/videos country=undefined
2026-05-20T05:42:09.100Z GET /api/videos country=undefined
2026-05-20T05:42:11.039Z GET /api/videos country=undefined
2026-05-20T05:42:11.340Z GET /api/videos country=undefined
2026-05-20T05:42:13.913Z GET /api/videos country=undefined
2026-05-20T05:42:14.227Z GET /api/videos country=undefined
2026-05-20T05:42:56.970Z GET /api/videos country=undefined
2026-05-20T05:42:56.989Z GET /api/videos country=undefined
2026-05-20T05:42:57.342Z GET /api/videos country=undefined
2026-05-20T05:42:57.407Z GET /api/videos country=undefined
2026-05-20T05:45:39.689Z GET /api/videos country=undefined
2026-05-20T05:45:39.999Z GET /api/videos country=undefined
2026-05-20T05:45:40.639Z GET /api/videos country=undefined
2026-05-20T05:45:40.966Z GET /api/videos country=undefined
2026-05-20T05:47:39.968Z GET /api/videos country=undefined
2026-05-20T05:47:39.979Z GET /api/videos country=undefined
2026-05-20T05:47:40.330Z GET /api/videos country=undefined
2026-05-20T05:47:40.401Z GET /api/videos country=undefined
2026-05-20T05:48:44.219Z GET /api/videos country=undefined
2026-05-20T05:48:44.625Z GET /api/videos country=undefined
2026-05-20T05:48:46.721Z GET /api/videos country=undefined
2026-05-20T05:48:47.063Z GET /api/videos country=undefined
2026-05-20T05:48:47.205Z GET /api/videos country=undefined
2026-05-20T05:48:47.481Z GET /api/videos country=undefined
2026-05-20T05:49:05.057Z GET /api/videos country=undefined
2026-05-20T05:49:05.063Z GET /api/videos country=undefined
2026-05-20T05:49:05.422Z GET /api/videos country=undefined
2026-05-20T05:49:05.506Z GET /api/videos country=undefined
2026-05-20T05:50:47.982Z GET /api/videos country=undefined
2026-05-20T05:50:47.987Z GET /api/videos country=undefined
2026-05-20T05:50:48.329Z GET /api/videos country=undefined
2026-05-20T05:50:48.384Z GET /api/videos country=undefined
2026-05-20T05:51:00.941Z GET /api/videos country=undefined
2026-05-20T05:51:00.957Z GET /api/videos country=undefined
2026-05-20T05:51:01.285Z GET /api/videos country=undefined
2026-05-20T05:51:01.338Z GET /api/videos country=undefined
2026-05-20T05:51:04.026Z GET /api/videos country=undefined
2026-05-20T05:51:07.196Z GET /api/videos country=undefined
2026-05-20T05:51:12.133Z GET /api/videos country=undefined
2026-05-20T05:51:12.440Z GET /api/videos country=undefined
2026-05-20T05:51:15.408Z GET /api/videos country=undefined
2026-05-20T05:52:06.989Z GET /api/videos country=undefined
2026-05-20T05:52:06.990Z GET /api/videos country=undefined
2026-05-20T05:52:07.323Z GET /api/videos country=undefined
2026-05-20T05:52:07.382Z GET /api/videos country=undefined
2026-05-20T05:53:16.668Z GET /api/videos country=undefined
2026-05-20T05:53:17.000Z GET /api/videos country=undefined
2026-05-20T05:53:28.921Z GET /api/videos country=undefined
2026-05-20T05:53:28.937Z GET /api/videos country=undefined
2026-05-20T05:53:29.241Z GET /api/videos country=undefined
2026-05-20T05:53:29.323Z GET /api/videos country=undefined
2026-05-20T05:54:47.099Z GET /api/videos country=undefined
2026-05-20T05:54:47.517Z GET /api/videos country=undefined
2026-05-20T05:54:47.923Z GET /api/videos country=undefined
2026-05-20T05:54:48.161Z GET /api/videos country=undefined
2026-05-20T05:55:31.157Z GET /api/videos country=undefined
2026-05-20T05:55:31.513Z GET /api/videos country=undefined
2026-05-20T05:55:37.470Z GET /api/videos country=undefined
2026-05-20T05:55:37.804Z GET /api/videos country=undefined
2026-05-20T05:55:38.051Z GET /api/videos country=undefined
2026-05-20T05:55:38.284Z GET /api/videos country=undefined
2026-05-20T05:57:26.086Z GET /api/videos country=undefined
2026-05-20T05:57:26.099Z GET /api/videos country=undefined
2026-05-20T05:57:26.392Z GET /api/videos country=undefined
2026-05-20T05:57:26.454Z GET /api/videos country=undefined
2026-05-20T05:57:30.060Z GET /api/videos country=undefined
2026-05-20T05:57:30.374Z GET /api/videos country=undefined
2026-05-20T05:57:31.697Z GET /api/videos country=undefined
2026-05-20T05:57:31.998Z GET /api/videos country=undefined
2026-05-20T05:57:33.186Z GET /api/videos country=undefined
2026-05-20T05:57:33.482Z GET /api/videos country=undefined
2026-05-20T05:58:13.285Z GET /api/videos country=undefined
2026-05-20T05:58:13.598Z GET /api/videos country=undefined
2026-05-20T06:01:52.945Z GET /api/videos country=undefined
2026-05-20T06:01:52.947Z GET /api/videos country=undefined
2026-05-20T06:01:53.268Z GET /api/videos country=undefined
2026-05-20T06:01:53.333Z GET /api/videos country=undefined
2026-05-20T06:01:56.431Z GET /api/videos country=undefined
2026-05-20T06:01:56.763Z GET /api/videos country=undefined
2026-05-20T06:01:58.482Z GET /api/videos country=undefined
2026-05-20T06:01:58.778Z GET /api/videos country=undefined
2026-05-20T06:02:00.628Z GET /api/videos country=undefined
2026-05-20T06:02:00.925Z GET /api/videos country=undefined
2026-05-20T06:02:02.603Z GET /api/videos country=undefined
2026-05-20T06:02:03.206Z GET /api/videos country=undefined
2026-05-20T06:02:03.982Z GET /api/videos country=undefined
2026-05-20T06:02:04.356Z GET /api/videos country=undefined
2026-05-20T06:02:05.201Z GET /api/videos country=undefined
2026-05-20T06:02:05.575Z GET /api/videos country=undefined
2026-05-20T06:02:07.095Z GET /api/videos country=undefined
2026-05-20T06:03:04.916Z GET /api/videos country=undefined
2026-05-20T06:03:04.923Z GET /api/videos country=undefined
2026-05-20T06:03:05.245Z GET /api/videos country=undefined
2026-05-20T06:03:05.322Z GET /api/videos country=undefined
2026-05-20T06:03:06.343Z GET /api/videos country=undefined
2026-05-20T06:03:06.624Z GET /api/videos country=undefined
2026-05-20T06:03:08.701Z GET /api/videos country=undefined
2026-05-20T06:03:08.995Z GET /api/videos country=undefined
2026-05-20T06:03:10.034Z GET /api/videos country=undefined
2026-05-20T06:03:10.292Z GET /api/videos country=undefined
2026-05-20T06:03:49.982Z GET /api/videos country=undefined
2026-05-20T06:03:50.418Z GET /api/videos country=undefined
2026-05-20T06:03:51.264Z GET /api/videos country=undefined
2026-05-20T06:03:53.432Z GET /api/videos country=undefined
2026-05-20T06:05:39.588Z GET /api/videos country=undefined
2026-05-20T06:05:39.962Z GET /api/videos country=undefined
2026-05-20T06:05:43.082Z GET /api/videos country=undefined
2026-05-20T06:05:48.053Z GET /api/videos country=undefined
2026-05-20T06:05:48.360Z GET /api/videos country=undefined
2026-05-20T06:05:48.897Z GET /api/videos country=undefined
2026-05-20T06:05:49.241Z GET /api/videos country=undefined
2026-05-20T06:05:49.778Z GET /api/videos country=undefined
2026-05-20T06:05:50.026Z GET /api/videos country=undefined
2026-05-20T06:05:56.447Z GET /api/videos country=undefined
2026-05-20T06:05:56.713Z GET /api/videos country=undefined
2026-05-20T06:05:57.914Z GET /api/videos country=undefined
2026-05-20T06:05:58.148Z GET /api/videos country=undefined
2026-05-20T06:05:59.139Z GET /api/videos country=undefined
2026-05-20T06:05:59.403Z GET /api/videos country=undefined
2026-05-20T06:06:04.784Z GET /api/videos country=undefined
2026-05-20T06:06:05.056Z GET /api/videos country=undefined
2026-05-20T06:06:06.562Z GET /api/videos country=undefined
2026-05-20T06:06:06.832Z GET /api/videos country=undefined
2026-05-20T06:06:31.378Z GET /api/videos country=undefined
2026-05-20T06:06:31.388Z GET /api/videos country=undefined
2026-05-20T06:06:31.769Z GET /api/videos country=undefined
2026-05-20T06:06:31.830Z GET /api/videos country=undefined
2026-05-20T06:06:43.859Z GET /api/videos country=undefined
2026-05-20T06:06:43.862Z GET /api/videos country=undefined
2026-05-20T06:06:44.181Z GET /api/videos country=undefined
2026-05-20T06:06:44.241Z GET /api/videos country=undefined
2026-05-20T06:57:54.109Z GET /api/videos country=undefined
2026-05-20T06:57:54.771Z GET /api/videos country=undefined
2026-05-20T06:58:49.756Z GET /api/videos country=undefined
2026-05-20T06:58:51.206Z GET /api/videos country=USA
2026-05-20T06:59:09.794Z GET /api/videos country=undefined
2026-05-20T06:59:10.059Z GET /api/videos country=undefined
2026-05-20T06:59:58.751Z GET /api/videos country=undefined
2026-05-20T07:00:11.739Z GET /api/videos country=USA
2026-05-20T07:00:12.472Z GET /api/videos country=UK
2026-05-20T07:00:13.185Z GET /api/videos country=USA
2026-05-20T07:00:13.988Z GET /api/videos country=undefined
2026-05-20T07:00:14.885Z GET /api/videos country=USA
2026-05-20T07:00:22.749Z GET /api/videos country=undefined
2026-05-20T07:00:23.071Z GET /api/videos country=undefined
2026-05-20T07:01:25.150Z GET /api/videos country=undefined
2026-05-20T07:01:25.486Z GET /api/videos country=undefined
2026-05-20T07:01:26.027Z GET /api/videos country=undefined
2026-05-20T07:01:26.327Z GET /api/videos country=undefined
2026-05-20T07:01:28.248Z GET /api/videos country=undefined
2026-05-20T07:01:49.835Z GET /api/videos country=undefined
2026-05-20T07:01:51.350Z GET /api/videos country=undefined
2026-05-20T07:01:52.368Z GET /api/videos country=undefined
2026-05-20T07:02:07.819Z GET /api/videos country=undefined
2026-05-20T07:02:10.635Z GET /api/videos country=undefined
2026-05-20T07:02:17.255Z GET /api/videos country=UK
2026-05-20T07:02:17.855Z GET /api/videos country=USA
2026-05-20T07:02:18.588Z GET /api/videos country=undefined
2026-05-20T07:02:20.434Z GET /api/videos country=undefined
2026-05-20T07:02:21.601Z GET /api/videos country=undefined
2026-05-20T07:02:40.424Z GET /api/videos country=undefined
2026-05-20T07:04:12.244Z GET /api/videos country=undefined
2026-05-20T07:04:12.253Z GET /api/videos country=undefined
2026-05-20T07:04:12.556Z GET /api/videos country=undefined
2026-05-20T07:04:13.050Z GET /api/videos country=undefined
2026-05-20T07:04:13.982Z GET /api/videos country=undefined
2026-05-20T07:04:14.283Z GET /api/videos country=undefined
2026-05-20T07:04:30.648Z GET /api/videos country=undefined
2026-05-20T07:06:25.063Z GET /api/videos country=undefined
2026-05-20T07:06:25.349Z GET /api/videos country=undefined
2026-05-20T07:06:27.118Z GET /api/videos country=USA
2026-05-20T07:06:27.835Z GET /api/videos country=undefined
2026-05-20T07:09:11.548Z GET /api/videos country=undefined
2026-05-20T07:09:11.554Z GET /api/videos country=undefined
2026-05-20T07:09:11.821Z GET /api/videos country=undefined
2026-05-20T07:09:11.919Z GET /api/videos country=undefined
2026-05-20T07:33:30.312Z GET /api/videos country=undefined
2026-05-20T07:33:49.971Z GET /api/videos country=undefined
2026-05-20T07:34:47.637Z GET /api/videos country=undefined
2026-05-20T07:34:47.934Z GET /api/videos country=undefined
2026-05-20T07:38:05.380Z GET /api/videos country=undefined
2026-05-20T07:38:05.648Z GET /api/videos country=undefined
2026-05-20T07:54:11.999Z GET /api/videos country=undefined
2026-05-20T07:56:53.867Z GET /api/videos country=undefined
2026-05-20T07:56:54.153Z GET /api/videos country=undefined
2026-05-20T08:04:56.018Z GET /api/videos country=undefined
2026-05-20T08:04:56.364Z GET /api/videos country=undefined
2026-05-20T08:14:18.093Z GET /api/videos country=undefined
2026-05-20T08:14:18.591Z GET /api/videos country=undefined
2026-05-20T08:30:01.881Z GET /api/videos country=undefined
2026-05-20T08:41:58.516Z GET /api/videos country=undefined
2026-05-20T08:41:58.843Z GET /api/videos country=undefined
2026-05-20T08:50:11.849Z GET /api/videos country=undefined
2026-05-20T08:50:12.064Z GET /api/videos country=undefined
2026-05-20T09:08:54.392Z GET /api/videos country=undefined
2026-05-20T09:08:54.735Z GET /api/videos country=undefined
2026-05-20T09:25:13.057Z GET /api/videos country=undefined
2026-05-20T09:35:15.931Z GET /api/videos country=undefined
2026-05-20T11:45:40.749Z GET /api/videos country=undefined
2026-05-20T11:51:08.237Z GET /api/videos country=undefined
2026-05-20T11:52:56.171Z GET /api/videos country=Japan
2026-05-20T11:52:58.170Z GET /api/videos country=USA
2026-05-20T11:52:58.919Z GET /api/videos country=UK
2026-05-20T11:52:59.802Z GET /api/videos country=Australia
2026-05-20T11:53:00.552Z GET /api/videos country=Canada
2026-05-20T11:53:01.185Z GET /api/videos country=Germany
2026-05-20T11:53:01.704Z GET /api/videos country=Japan
2026-05-20T11:53:02.203Z GET /api/videos country=New Zealand
2026-05-20T11:53:02.919Z GET /api/videos country=South Korea
2026-05-20T11:53:03.888Z GET /api/videos country=undefined
2026-05-20T11:55:00.465Z GET /api/videos country=undefined
2026-05-20T11:56:27.102Z GET /api/videos country=undefined
2026-05-20T11:57:04.343Z GET /api/videos country=undefined
2026-05-20T11:58:00.735Z GET /api/videos country=undefined
2026-05-20T11:58:08.674Z GET /api/videos country=undefined
2026-05-20T12:02:23.861Z GET /api/videos country=undefined
2026-05-20T12:02:23.918Z GET /api/videos country=undefined
2026-05-20T12:13:50.467Z GET /api/videos country=undefined
2026-05-20T12:13:51.127Z GET /api/videos country=undefined
2026-05-21T03:25:26.336Z GET /api/videos country=undefined
2026-05-21T03:25:27.017Z GET /api/videos country=undefined
2026-05-21T03:36:14.759Z GET /api/videos country=undefined
2026-05-21T03:36:15.478Z GET /api/videos country=undefined
2026-05-21T03:46:01.615Z GET /api/videos country=undefined
2026-05-21T03:46:01.645Z GET /api/videos country=undefined
2026-05-21T04:13:23.674Z GET /api/videos country=undefined
2026-05-21T04:21:21.800Z GET /api/videos country=undefined
2026-05-21T04:21:23.668Z GET /api/videos country=Germany
2026-05-21T04:21:24.618Z GET /api/videos country=Canada
2026-05-21T04:21:29.850Z GET /api/videos country=undefined
2026-05-21T07:18:08.169Z GET /api/videos country=undefined
2026-05-21T07:18:12.305Z GET /api/videos country=Australia
2026-05-21T07:18:13.504Z GET /api/videos country=undefined
2026-05-21T07:18:18.339Z GET /api/videos country=USA
2026-05-21T07:18:37.928Z GET /api/videos country=undefined
2026-05-21T07:19:13.319Z GET /api/videos country=undefined
2026-05-21T07:25:16.308Z GET /api/videos country=undefined
2026-05-21T07:37:10.640Z GET /api/videos country=undefined
2026-05-21T07:37:41.620Z GET /api/videos country=undefined
2026-05-21T07:43:33.057Z GET /api/videos country=undefined
2026-05-21T07:43:46.844Z GET /api/videos country=undefined
2026-05-21T07:44:01.167Z GET /api/videos country=undefined
